../Core/Inc/RM3100.h:70:7:y_dot_2	1
../Core/Inc/RM3100.h:74:7:y_dot_3	1
../Core/Inc/RM3100.h:78:7:y_dot_4	1
../Core/Inc/RM3100.h:119:6:readRegs	2
../Core/Inc/RM3100.h:127:9:readReg	1
../Core/Inc/RM3100.h:133:6:writeReg	2
../Core/Inc/RM3100.h:142:6:processRawMag	4
../Core/Inc/RM3100.h:190:9:getBufferSize	1
../Core/Inc/RM3100.h:194:6:bufferIsFull	1
../Core/Inc/RM3100.h:198:6:bufferIsEmpty	1
../Core/Inc/RM3100.h:202:7:dequeueOldest	2
../Core/Inc/RM3100.h:214:6:Buffer_newData	2
../Core/Inc/RM3100.h:225:7:peekBuffer	3
../Core/Inc/RM3100.h:236:6:clearBuffer	1
../Core/Inc/RM3100.h:242:12:NewDataBuffer	1
../Core/Inc/RM3100.h:250:6:printBuffer	2
../Core/Inc/RM3100.h:281:6:NewMagnetometer3Axis	1
../Core/Inc/RM3100.h:298:6:RM3100_CheckDevice	3
../Core/Inc/RM3100.h:306:6:RM3100_readRegs	1
../Core/Inc/RM3100.h:310:9:RM3100_readReg	1
../Core/Inc/RM3100.h:314:6:RM3100_writeReg	1
../Core/Inc/RM3100.h:319:6:RM3100_getMagField	1
../Core/Inc/RM3100.h:326:6:RM3100_lastTimeStepsSimilar_	4
../Core/Inc/RM3100.h:333:6:RM3100_getMagFieldDerivative	4
../Core/Inc/RM3100.h:367:6:RM3100_setMagField	1
../Core/Inc/RM3100.h:374:6:RM3100_startContinuousMeasurement	1
../Core/Inc/RM3100.h:390:6:RM3100_handleInterrupt	2
../Core/Inc/RM3100.h:400:6:update	2
../Core/Inc/RM3100.h:414:6:RM3100_pollAndReadMagField	2
../Core/Inc/RM3100.h:434:6:RM3100_updateGains	1
../Core/Inc/RM3100.h:452:6:RM3100_clearBuffers	1
../Core/Inc/RM3100.h:459:6:printMagnetometer	1
../Core/Src/main.c:177:5:main	1
../Core/Src/main.c:302:6:SystemClock_Config	4
../Core/Src/main.c:352:13:MX_I2C1_Init	4
../Core/Src/main.c:400:13:MX_I2C3_Init	4
../Core/Src/main.c:448:13:MX_TIM2_Init	4
../Core/Src/main.c:493:13:MX_USART2_UART_Init	2
../Core/Src/main.c:528:13:MX_GPIO_Init	1
../Core/Src/main.c:579:5:__io_putchar	1
../Core/Src/main.c:599:6:StartDataLogger	3
../Core/Src/main.c:632:6:StartMLXReader	1
../Core/Src/main.c:656:6:StartRM3100Reader	2
../Core/Src/main.c:755:6:StartMTQDriver	1
../Core/Src/main.c:785:6:StartController	2
../Core/Src/main.c:844:6:HAL_TIM_PeriodElapsedCallback	2
../Core/Src/main.c:862:6:Error_Handler	1
